gcc -g p7original.c
îº§ gdb a.out
GNU gdb (Ubuntu 8.1.1-0ubuntu1) 8.1.1
Copyright (C) 2018 Free Software Foundation, Inc.
License GPLv3+: GNU GPL version 3 or later <http://gnu.org/licenses/gpl.html>
This is free software: you are free to change and redistribute it.
There is NO WARRANTY, to the extent permitted by law.  Type "show copying"
and "show warranty" for details.
This GDB was configured as "x86_64-linux-gnu".
Type "show configuration" for configuration details.
For bug reporting instructions, please see:
<http://www.gnu.org/software/gdb/bugs/>.
Find the GDB manual and other documentation resources online at:
<http://www.gnu.org/software/gdb/documentation/>.
For help, type "help".
Type "apropos word" to search for commands related to "word"...
Reading symbols from a.out...done.
(gdb) b main
Breakpoint 1 at 0x82c: file p7original.c, line 29.
(gdb) r
Starting program: /home/runner/ppa-IA2-practice2/a.out 
warning: Error disabling address space randomization: Operation not permitted

Breakpoint 1, main () at p7original.c:29
29  {
(gdb) n
31    t=input_triangle();
(gdb) s
input_triangle () at p7original.c:12
12  {
(gdb) n
14    printf("enter the base,altitude");
(gdb) n
15    scanf("%f %f",&t.base,&t.altitude);
(gdb) n
enter the base,altitude
30 

40
16    return t;
(gdb) n
17  }
(gdb) n
main () at p7original.c:32
32    find_area(&t);
(gdb) s
find_area (t=0x7fffa2f71e5c) at p7original.c:21
21   t->area=0.5 *t->base * t->altitude;
(gdb) n
23  }
(gdb) n
main () at p7original.c:33
33    output(t);
(gdb) s
output (t=...) at p7original.c:26
26    printf("the area of triangle with base %f and altitude %f is %f\n",t.base,t.altitude,t.area);
(gdb) n
the area of triangle with base 30.000000 and altitude 40.000000 is 600.000000
27  }
(gdb) c
Continuing.
